Date,Burned,Feature Group 1,Feature Group 2
2012-01-01,0.0,10.0,20.0
2012-01-02,10.0,10.0,20.0
2012-01-03,20.0,,30.0
2012-01-02,30.0,,40.0
