Date,Burned,ddd,hhhh,eee,ffff,gggg,aaaa,bbbb
2013-04-12,0.0,82.0,113.0,118.0,139.0,184.0,34.0,65.0
2013-04-26,9.0,82.0,113.0,118.0,139.0,184.0,34.0,65.0
2013-05-10,18.0,82.0,113.0,118.0,139.0,184.0,34.0,65.0
2013-05-24,42.0,82.0,113.0,118.0,139.0,184.0,42.0,65.0
2013-06-07,55.0,82.0,113.0,118.0,139.0,184.0,,65.0
2013-06-21,69.0,82.0,113.0,118.0,139.0,184.0,,69.0
2013-07-05,82.0,82.0,113.0,118.0,139.0,184.0,,
